Archive member included to satisfy reference by file (symbol)

c:/program files (x86)/atmel/studio/7.0/toolchain/avr8/avr8-gnu-toolchain/bin/../lib/gcc/avr/5.4.0/../../../../avr/lib/avr5\libm.a(addsf3.o)
                              HAL/PWM/src/PWM.o (__subsf3)
c:/program files (x86)/atmel/studio/7.0/toolchain/avr8/avr8-gnu-toolchain/bin/../lib/gcc/avr/5.4.0/../../../../avr/lib/avr5\libm.a(addsf3x.o)
                              c:/program files (x86)/atmel/studio/7.0/toolchain/avr8/avr8-gnu-toolchain/bin/../lib/gcc/avr/5.4.0/../../../../avr/lib/avr5\libm.a(addsf3.o) (__addsf3x)
c:/program files (x86)/atmel/studio/7.0/toolchain/avr8/avr8-gnu-toolchain/bin/../lib/gcc/avr/5.4.0/../../../../avr/lib/avr5\libm.a(divsf3.o)
                              HAL/PWM/src/PWM.o (__divsf3)
c:/program files (x86)/atmel/studio/7.0/toolchain/avr8/avr8-gnu-toolchain/bin/../lib/gcc/avr/5.4.0/../../../../avr/lib/avr5\libm.a(divsf3x.o)
                              c:/program files (x86)/atmel/studio/7.0/toolchain/avr8/avr8-gnu-toolchain/bin/../lib/gcc/avr/5.4.0/../../../../avr/lib/avr5\libm.a(divsf3.o) (__divsf3x)
c:/program files (x86)/atmel/studio/7.0/toolchain/avr8/avr8-gnu-toolchain/bin/../lib/gcc/avr/5.4.0/../../../../avr/lib/avr5\libm.a(fixunssfsi.o)
                              HAL/PWM/src/PWM.o (__fixunssfsi)
c:/program files (x86)/atmel/studio/7.0/toolchain/avr8/avr8-gnu-toolchain/bin/../lib/gcc/avr/5.4.0/../../../../avr/lib/avr5\libm.a(floatsisf.o)
                              HAL/PWM/src/PWM.o (__floatunsisf)
c:/program files (x86)/atmel/studio/7.0/toolchain/avr8/avr8-gnu-toolchain/bin/../lib/gcc/avr/5.4.0/../../../../avr/lib/avr5\libm.a(fp_inf.o)
                              c:/program files (x86)/atmel/studio/7.0/toolchain/avr8/avr8-gnu-toolchain/bin/../lib/gcc/avr/5.4.0/../../../../avr/lib/avr5\libm.a(addsf3x.o) (__fp_inf)
c:/program files (x86)/atmel/studio/7.0/toolchain/avr8/avr8-gnu-toolchain/bin/../lib/gcc/avr/5.4.0/../../../../avr/lib/avr5\libm.a(fp_nan.o)
                              c:/program files (x86)/atmel/studio/7.0/toolchain/avr8/avr8-gnu-toolchain/bin/../lib/gcc/avr/5.4.0/../../../../avr/lib/avr5\libm.a(addsf3x.o) (__fp_nan)
c:/program files (x86)/atmel/studio/7.0/toolchain/avr8/avr8-gnu-toolchain/bin/../lib/gcc/avr/5.4.0/../../../../avr/lib/avr5\libm.a(fp_pscA.o)
                              c:/program files (x86)/atmel/studio/7.0/toolchain/avr8/avr8-gnu-toolchain/bin/../lib/gcc/avr/5.4.0/../../../../avr/lib/avr5\libm.a(addsf3x.o) (__fp_pscA)
c:/program files (x86)/atmel/studio/7.0/toolchain/avr8/avr8-gnu-toolchain/bin/../lib/gcc/avr/5.4.0/../../../../avr/lib/avr5\libm.a(fp_pscB.o)
                              c:/program files (x86)/atmel/studio/7.0/toolchain/avr8/avr8-gnu-toolchain/bin/../lib/gcc/avr/5.4.0/../../../../avr/lib/avr5\libm.a(addsf3x.o) (__fp_pscB)
c:/program files (x86)/atmel/studio/7.0/toolchain/avr8/avr8-gnu-toolchain/bin/../lib/gcc/avr/5.4.0/../../../../avr/lib/avr5\libm.a(fp_round.o)
                              c:/program files (x86)/atmel/studio/7.0/toolchain/avr8/avr8-gnu-toolchain/bin/../lib/gcc/avr/5.4.0/../../../../avr/lib/avr5\libm.a(addsf3.o) (__fp_round)
c:/program files (x86)/atmel/studio/7.0/toolchain/avr8/avr8-gnu-toolchain/bin/../lib/gcc/avr/5.4.0/../../../../avr/lib/avr5\libm.a(fp_split3.o)
                              c:/program files (x86)/atmel/studio/7.0/toolchain/avr8/avr8-gnu-toolchain/bin/../lib/gcc/avr/5.4.0/../../../../avr/lib/avr5\libm.a(addsf3x.o) (__fp_split3)
c:/program files (x86)/atmel/studio/7.0/toolchain/avr8/avr8-gnu-toolchain/bin/../lib/gcc/avr/5.4.0/../../../../avr/lib/avr5\libm.a(fp_zero.o)
                              c:/program files (x86)/atmel/studio/7.0/toolchain/avr8/avr8-gnu-toolchain/bin/../lib/gcc/avr/5.4.0/../../../../avr/lib/avr5\libm.a(addsf3x.o) (__fp_zero)
c:/program files (x86)/atmel/studio/7.0/toolchain/avr8/avr8-gnu-toolchain/bin/../lib/gcc/avr/5.4.0/../../../../avr/lib/avr5\libm.a(mulsf3.o)
                              HAL/PWM/src/PWM.o (__mulsf3)
c:/program files (x86)/atmel/studio/7.0/toolchain/avr8/avr8-gnu-toolchain/bin/../lib/gcc/avr/5.4.0/../../../../avr/lib/avr5\libm.a(mulsf3x.o)
                              c:/program files (x86)/atmel/studio/7.0/toolchain/avr8/avr8-gnu-toolchain/bin/../lib/gcc/avr/5.4.0/../../../../avr/lib/avr5\libm.a(mulsf3.o) (__mulsf3x)
c:/program files (x86)/atmel/studio/7.0/toolchain/avr8/avr8-gnu-toolchain/bin/../lib/gcc/avr/5.4.0/avr5\libgcc.a(_udivmodsi4.o)
                              MCAL/UART/src/UART.o (__udivmodsi4)
c:/program files (x86)/atmel/studio/7.0/toolchain/avr8/avr8-gnu-toolchain/bin/../lib/gcc/avr/5.4.0/avr5\libgcc.a(_exit.o)
                              C:/Program Files (x86)/Atmel/Studio/7.0/Packs/atmel/ATmega_DFP/1.2.209/gcc/dev/atmega32/avr5/crtatmega32.o (exit)
c:/program files (x86)/atmel/studio/7.0/toolchain/avr8/avr8-gnu-toolchain/bin/../lib/gcc/avr/5.4.0/avr5\libgcc.a(_tablejump2.o)
                              APP/Src/APP.o (__tablejump2__)
c:/program files (x86)/atmel/studio/7.0/toolchain/avr8/avr8-gnu-toolchain/bin/../lib/gcc/avr/5.4.0/avr5\libgcc.a(_copy_data.o)
                              APP/Src/APP.o (__do_copy_data)
c:/program files (x86)/atmel/studio/7.0/toolchain/avr8/avr8-gnu-toolchain/bin/../lib/gcc/avr/5.4.0/avr5\libgcc.a(_clear_bss.o)
                              MCAL/Ext_Int/src/Ext_Int.o (__do_clear_bss)

Discarded input sections

 .data          0x00000000        0x0 C:/Program Files (x86)/Atmel/Studio/7.0/Packs/atmel/ATmega_DFP/1.2.209/gcc/dev/atmega32/avr5/crtatmega32.o
 .bss           0x00000000        0x0 C:/Program Files (x86)/Atmel/Studio/7.0/Packs/atmel/ATmega_DFP/1.2.209/gcc/dev/atmega32/avr5/crtatmega32.o
 .text          0x00000000        0x0 APP/Src/APP.o
 .data          0x00000000        0x0 APP/Src/APP.o
 .bss           0x00000000        0x0 APP/Src/APP.o
 .text.Register
                0x00000000       0x2a APP/Src/APP.o
 .text          0x00000000        0x0 HAL/Bluetooth/src/Bluetooth.o
 .data          0x00000000        0x0 HAL/Bluetooth/src/Bluetooth.o
 .bss           0x00000000        0x0 HAL/Bluetooth/src/Bluetooth.o
 .text.Bluetooth_Transmait
                0x00000000        0x6 HAL/Bluetooth/src/Bluetooth.o
 .text          0x00000000        0x0 HAL/EEPROM/src/EEPROM.o
 .data          0x00000000        0x0 HAL/EEPROM/src/EEPROM.o
 .bss           0x00000000        0x0 HAL/EEPROM/src/EEPROM.o
 .text          0x00000000        0x0 HAL/Keypad/src/Keypad.o
 .data          0x00000000        0x0 HAL/Keypad/src/Keypad.o
 .bss           0x00000000        0x0 HAL/Keypad/src/Keypad.o
 .text          0x00000000        0x0 HAL/LCD/src/LCD.o
 .data          0x00000000        0x0 HAL/LCD/src/LCD.o
 .bss           0x00000000        0x0 HAL/LCD/src/LCD.o
 .text          0x00000000        0x0 HAL/PWM/src/PWM.o
 .data          0x00000000        0x0 HAL/PWM/src/PWM.o
 .bss           0x00000000        0x0 HAL/PWM/src/PWM.o
 .rodata        0x00000000        0x8 HAL/PWM/src/PWM.o
 .text.PWM_Generate_COM1A
                0x00000000       0x90 HAL/PWM/src/PWM.o
 .debug_info    0x00000000      0x43a HAL/PWM/src/PWM.o
 .debug_abbrev  0x00000000      0x11a HAL/PWM/src/PWM.o
 .debug_loc     0x00000000       0xe3 HAL/PWM/src/PWM.o
 .debug_aranges
                0x00000000       0x20 HAL/PWM/src/PWM.o
 .debug_ranges  0x00000000       0x10 HAL/PWM/src/PWM.o
 .debug_line    0x00000000       0xe1 HAL/PWM/src/PWM.o
 .debug_str     0x00000000      0x64d HAL/PWM/src/PWM.o
 .comment       0x00000000       0x31 HAL/PWM/src/PWM.o
 .debug_frame   0x00000000       0x3c HAL/PWM/src/PWM.o
 .text          0x00000000        0x0 HAL/ServoMotor/src/ServoMotor.o
 .data          0x00000000        0x0 HAL/ServoMotor/src/ServoMotor.o
 .bss           0x00000000        0x0 HAL/ServoMotor/src/ServoMotor.o
 .text          0x00000000        0x0 main.o
 .data          0x00000000        0x0 main.o
 .bss           0x00000000        0x0 main.o
 .text          0x00000000        0x0 MCAL/DIO/src/DIO.o
 .data          0x00000000        0x0 MCAL/DIO/src/DIO.o
 .bss           0x00000000        0x0 MCAL/DIO/src/DIO.o
 .text.DIO_ToggleChannel
                0x00000000       0x82 MCAL/DIO/src/DIO.o
 .text.DIO_WriteChannelGroup
                0x00000000       0x50 MCAL/DIO/src/DIO.o
 .text          0x00000000        0x0 MCAL/DIO/src/DIO_CFG.o
 .data          0x00000000        0x0 MCAL/DIO/src/DIO_CFG.o
 .bss           0x00000000        0x0 MCAL/DIO/src/DIO_CFG.o
 .text          0x00000000        0x0 MCAL/Ext_Int/src/Ext_Int.o
 .data          0x00000000        0x0 MCAL/Ext_Int/src/Ext_Int.o
 .bss           0x00000000        0x0 MCAL/Ext_Int/src/Ext_Int.o
 .text.Ext_Interrupt_Enable
                0x00000000       0x24 MCAL/Ext_Int/src/Ext_Int.o
 .text.Ext_Interrupt_Disable
                0x00000000       0x24 MCAL/Ext_Int/src/Ext_Int.o
 .text.Ext_Interrupt_Sncontrol
                0x00000000       0x38 MCAL/Ext_Int/src/Ext_Int.o
 .text.Ext_Interrupt_SetCallBack
                0x00000000       0x2a MCAL/Ext_Int/src/Ext_Int.o
 .text          0x00000000        0x0 MCAL/GINT/src/GINT.o
 .data          0x00000000        0x0 MCAL/GINT/src/GINT.o
 .bss           0x00000000        0x0 MCAL/GINT/src/GINT.o
 .text.GINT_EnableAllInterrupts
                0x00000000        0x8 MCAL/GINT/src/GINT.o
 .text.GINT_DisableAllInterrupts
                0x00000000        0x8 MCAL/GINT/src/GINT.o
 .debug_info    0x00000000       0x8a MCAL/GINT/src/GINT.o
 .debug_abbrev  0x00000000       0x46 MCAL/GINT/src/GINT.o
 .debug_aranges
                0x00000000       0x28 MCAL/GINT/src/GINT.o
 .debug_ranges  0x00000000       0x18 MCAL/GINT/src/GINT.o
 .debug_line    0x00000000       0x79 MCAL/GINT/src/GINT.o
 .debug_str     0x00000000      0x17a MCAL/GINT/src/GINT.o
 .comment       0x00000000       0x31 MCAL/GINT/src/GINT.o
 .debug_frame   0x00000000       0x34 MCAL/GINT/src/GINT.o
 .text          0x00000000        0x0 MCAL/SPI/src/SPI.o
 .data          0x00000000        0x0 MCAL/SPI/src/SPI.o
 .bss           0x00000000        0x0 MCAL/SPI/src/SPI.o
 .text.SPI_SlaveEnable
                0x00000000       0x16 MCAL/SPI/src/SPI.o
 .text.SPI_SlaveDisable
                0x00000000       0x16 MCAL/SPI/src/SPI.o
 .text          0x00000000        0x0 MCAL/TIMER1/src/TIMER1.o
 .data          0x00000000        0x0 MCAL/TIMER1/src/TIMER1.o
 .bss           0x00000000        0x0 MCAL/TIMER1/src/TIMER1.o
 .text.TIMER1_OC1AInt_SetCallBack
                0x00000000        0xa MCAL/TIMER1/src/TIMER1.o
 .text.TIMER1_OC1BInt_SetCallBack
                0x00000000        0xa MCAL/TIMER1/src/TIMER1.o
 .text.TIMER1_TOVInt_SetCallBack
                0x00000000        0xa MCAL/TIMER1/src/TIMER1.o
 .text.TIMER1_OCR1B_SetValue
                0x00000000        0x6 MCAL/TIMER1/src/TIMER1.o
 .text          0x00000000        0x0 MCAL/TWI/src/TWI.o
 .data          0x00000000        0x0 MCAL/TWI/src/TWI.o
 .bss           0x00000000        0x0 MCAL/TWI/src/TWI.o
 .text.TWI_Status
                0x00000000        0x6 MCAL/TWI/src/TWI.o
 .text.TWI_Read_Ack
                0x00000000       0x30 MCAL/TWI/src/TWI.o
 .text          0x00000000        0x0 MCAL/UART/src/UART.o
 .data          0x00000000        0x0 MCAL/UART/src/UART.o
 .bss           0x00000000        0x0 MCAL/UART/src/UART.o
 .text          0x00000000        0x0 c:/program files (x86)/atmel/studio/7.0/toolchain/avr8/avr8-gnu-toolchain/bin/../lib/gcc/avr/5.4.0/../../../../avr/lib/avr5\libm.a(addsf3.o)
 .data          0x00000000        0x0 c:/program files (x86)/atmel/studio/7.0/toolchain/avr8/avr8-gnu-toolchain/bin/../lib/gcc/avr/5.4.0/../../../../avr/lib/avr5\libm.a(addsf3.o)
 .bss           0x00000000        0x0 c:/program files (x86)/atmel/studio/7.0/toolchain/avr8/avr8-gnu-toolchain/bin/../lib/gcc/avr/5.4.0/../../../../avr/lib/avr5\libm.a(addsf3.o)
 .text          0x00000000        0x0 c:/program files (x86)/atmel/studio/7.0/toolchain/avr8/avr8-gnu-toolchain/bin/../lib/gcc/avr/5.4.0/../../../../avr/lib/avr5\libm.a(addsf3x.o)
 .data          0x00000000        0x0 c:/program files (x86)/atmel/studio/7.0/toolchain/avr8/avr8-gnu-toolchain/bin/../lib/gcc/avr/5.4.0/../../../../avr/lib/avr5\libm.a(addsf3x.o)
 .bss           0x00000000        0x0 c:/program files (x86)/atmel/studio/7.0/toolchain/avr8/avr8-gnu-toolchain/bin/../lib/gcc/avr/5.4.0/../../../../avr/lib/avr5\libm.a(addsf3x.o)
 .text          0x00000000        0x0 c:/program files (x86)/atmel/studio/7.0/toolchain/avr8/avr8-gnu-toolchain/bin/../lib/gcc/avr/5.4.0/../../../../avr/lib/avr5\libm.a(divsf3.o)
 .data          0x00000000        0x0 c:/program files (x86)/atmel/studio/7.0/toolchain/avr8/avr8-gnu-toolchain/bin/../lib/gcc/avr/5.4.0/../../../../avr/lib/avr5\libm.a(divsf3.o)
 .bss           0x00000000        0x0 c:/program files (x86)/atmel/studio/7.0/toolchain/avr8/avr8-gnu-toolchain/bin/../lib/gcc/avr/5.4.0/../../../../avr/lib/avr5\libm.a(divsf3.o)
 .text.avr-libc.fplib
                0x00000000        0x8 c:/program files (x86)/atmel/studio/7.0/toolchain/avr8/avr8-gnu-toolchain/bin/../lib/gcc/avr/5.4.0/../../../../avr/lib/avr5\libm.a(divsf3.o)
 .text          0x00000000        0x0 c:/program files (x86)/atmel/studio/7.0/toolchain/avr8/avr8-gnu-toolchain/bin/../lib/gcc/avr/5.4.0/../../../../avr/lib/avr5\libm.a(divsf3x.o)
 .data          0x00000000        0x0 c:/program files (x86)/atmel/studio/7.0/toolchain/avr8/avr8-gnu-toolchain/bin/../lib/gcc/avr/5.4.0/../../../../avr/lib/avr5\libm.a(divsf3x.o)
 .bss           0x00000000        0x0 c:/program files (x86)/atmel/studio/7.0/toolchain/avr8/avr8-gnu-toolchain/bin/../lib/gcc/avr/5.4.0/../../../../avr/lib/avr5\libm.a(divsf3x.o)
 .text.avr-libc.fplib
                0x00000000       0xdc c:/program files (x86)/atmel/studio/7.0/toolchain/avr8/avr8-gnu-toolchain/bin/../lib/gcc/avr/5.4.0/../../../../avr/lib/avr5\libm.a(divsf3x.o)
 .text          0x00000000        0x0 c:/program files (x86)/atmel/studio/7.0/toolchain/avr8/avr8-gnu-toolchain/bin/../lib/gcc/avr/5.4.0/../../../../avr/lib/avr5\libm.a(fixunssfsi.o)
 .data          0x00000000        0x0 c:/program files (x86)/atmel/studio/7.0/toolchain/avr8/avr8-gnu-toolchain/bin/../lib/gcc/avr/5.4.0/../../../../avr/lib/avr5\libm.a(fixunssfsi.o)
 .bss           0x00000000        0x0 c:/program files (x86)/atmel/studio/7.0/toolchain/avr8/avr8-gnu-toolchain/bin/../lib/gcc/avr/5.4.0/../../../../avr/lib/avr5\libm.a(fixunssfsi.o)
 .text          0x00000000        0x0 c:/program files (x86)/atmel/studio/7.0/toolchain/avr8/avr8-gnu-toolchain/bin/../lib/gcc/avr/5.4.0/../../../../avr/lib/avr5\libm.a(floatsisf.o)
 .data          0x00000000        0x0 c:/program files (x86)/atmel/studio/7.0/toolchain/avr8/avr8-gnu-toolchain/bin/../lib/gcc/avr/5.4.0/../../../../avr/lib/avr5\libm.a(floatsisf.o)
 .bss           0x00000000        0x0 c:/program files (x86)/atmel/studio/7.0/toolchain/avr8/avr8-gnu-toolchain/bin/../lib/gcc/avr/5.4.0/../../../../avr/lib/avr5\libm.a(floatsisf.o)
 .text          0x00000000        0x0 c:/program files (x86)/atmel/studio/7.0/toolchain/avr8/avr8-gnu-toolchain/bin/../lib/gcc/avr/5.4.0/../../../../avr/lib/avr5\libm.a(fp_inf.o)
 .data          0x00000000        0x0 c:/program files (x86)/atmel/studio/7.0/toolchain/avr8/avr8-gnu-toolchain/bin/../lib/gcc/avr/5.4.0/../../../../avr/lib/avr5\libm.a(fp_inf.o)
 .bss           0x00000000        0x0 c:/program files (x86)/atmel/studio/7.0/toolchain/avr8/avr8-gnu-toolchain/bin/../lib/gcc/avr/5.4.0/../../../../avr/lib/avr5\libm.a(fp_inf.o)
 .text          0x00000000        0x0 c:/program files (x86)/atmel/studio/7.0/toolchain/avr8/avr8-gnu-toolchain/bin/../lib/gcc/avr/5.4.0/../../../../avr/lib/avr5\libm.a(fp_nan.o)
 .data          0x00000000        0x0 c:/program files (x86)/atmel/studio/7.0/toolchain/avr8/avr8-gnu-toolchain/bin/../lib/gcc/avr/5.4.0/../../../../avr/lib/avr5\libm.a(fp_nan.o)
 .bss           0x00000000        0x0 c:/program files (x86)/atmel/studio/7.0/toolchain/avr8/avr8-gnu-toolchain/bin/../lib/gcc/avr/5.4.0/../../../../avr/lib/avr5\libm.a(fp_nan.o)
 .text          0x00000000        0x0 c:/program files (x86)/atmel/studio/7.0/toolchain/avr8/avr8-gnu-toolchain/bin/../lib/gcc/avr/5.4.0/../../../../avr/lib/avr5\libm.a(fp_pscA.o)
 .data          0x00000000        0x0 c:/program files (x86)/atmel/studio/7.0/toolchain/avr8/avr8-gnu-toolchain/bin/../lib/gcc/avr/5.4.0/../../../../avr/lib/avr5\libm.a(fp_pscA.o)
 .bss           0x00000000        0x0 c:/program files (x86)/atmel/studio/7.0/toolchain/avr8/avr8-gnu-toolchain/bin/../lib/gcc/avr/5.4.0/../../../../avr/lib/avr5\libm.a(fp_pscA.o)
 .text          0x00000000        0x0 c:/program files (x86)/atmel/studio/7.0/toolchain/avr8/avr8-gnu-toolchain/bin/../lib/gcc/avr/5.4.0/../../../../avr/lib/avr5\libm.a(fp_pscB.o)
 .data          0x00000000        0x0 c:/program files (x86)/atmel/studio/7.0/toolchain/avr8/avr8-gnu-toolchain/bin/../lib/gcc/avr/5.4.0/../../../../avr/lib/avr5\libm.a(fp_pscB.o)
 .bss           0x00000000        0x0 c:/program files (x86)/atmel/studio/7.0/toolchain/avr8/avr8-gnu-toolchain/bin/../lib/gcc/avr/5.4.0/../../../../avr/lib/avr5\libm.a(fp_pscB.o)
 .text          0x00000000        0x0 c:/program files (x86)/atmel/studio/7.0/toolchain/avr8/avr8-gnu-toolchain/bin/../lib/gcc/avr/5.4.0/../../../../avr/lib/avr5\libm.a(fp_round.o)
 .data          0x00000000        0x0 c:/program files (x86)/atmel/studio/7.0/toolchain/avr8/avr8-gnu-toolchain/bin/../lib/gcc/avr/5.4.0/../../../../avr/lib/avr5\libm.a(fp_round.o)
 .bss           0x00000000        0x0 c:/program files (x86)/atmel/studio/7.0/toolchain/avr8/avr8-gnu-toolchain/bin/../lib/gcc/avr/5.4.0/../../../../avr/lib/avr5\libm.a(fp_round.o)
 .text          0x00000000        0x0 c:/program files (x86)/atmel/studio/7.0/toolchain/avr8/avr8-gnu-toolchain/bin/../lib/gcc/avr/5.4.0/../../../../avr/lib/avr5\libm.a(fp_split3.o)
 .data          0x00000000        0x0 c:/program files (x86)/atmel/studio/7.0/toolchain/avr8/avr8-gnu-toolchain/bin/../lib/gcc/avr/5.4.0/../../../../avr/lib/avr5\libm.a(fp_split3.o)
 .bss           0x00000000        0x0 c:/program files (x86)/atmel/studio/7.0/toolchain/avr8/avr8-gnu-toolchain/bin/../lib/gcc/avr/5.4.0/../../../../avr/lib/avr5\libm.a(fp_split3.o)
 .text          0x00000000        0x0 c:/program files (x86)/atmel/studio/7.0/toolchain/avr8/avr8-gnu-toolchain/bin/../lib/gcc/avr/5.4.0/../../../../avr/lib/avr5\libm.a(fp_zero.o)
 .data          0x00000000        0x0 c:/program files (x86)/atmel/studio/7.0/toolchain/avr8/avr8-gnu-toolchain/bin/../lib/gcc/avr/5.4.0/../../../../avr/lib/avr5\libm.a(fp_zero.o)
 .bss           0x00000000        0x0 c:/program files (x86)/atmel/studio/7.0/toolchain/avr8/avr8-gnu-toolchain/bin/../lib/gcc/avr/5.4.0/../../../../avr/lib/avr5\libm.a(fp_zero.o)
 .text          0x00000000        0x0 c:/program files (x86)/atmel/studio/7.0/toolchain/avr8/avr8-gnu-toolchain/bin/../lib/gcc/avr/5.4.0/../../../../avr/lib/avr5\libm.a(mulsf3.o)
 .data          0x00000000        0x0 c:/program files (x86)/atmel/studio/7.0/toolchain/avr8/avr8-gnu-toolchain/bin/../lib/gcc/avr/5.4.0/../../../../avr/lib/avr5\libm.a(mulsf3.o)
 .bss           0x00000000        0x0 c:/program files (x86)/atmel/studio/7.0/toolchain/avr8/avr8-gnu-toolchain/bin/../lib/gcc/avr/5.4.0/../../../../avr/lib/avr5\libm.a(mulsf3.o)
 .text          0x00000000        0x0 c:/program files (x86)/atmel/studio/7.0/toolchain/avr8/avr8-gnu-toolchain/bin/../lib/gcc/avr/5.4.0/../../../../avr/lib/avr5\libm.a(mulsf3x.o)
 .data          0x00000000        0x0 c:/program files (x86)/atmel/studio/7.0/toolchain/avr8/avr8-gnu-toolchain/bin/../lib/gcc/avr/5.4.0/../../../../avr/lib/avr5\libm.a(mulsf3x.o)
 .bss           0x00000000        0x0 c:/program files (x86)/atmel/studio/7.0/toolchain/avr8/avr8-gnu-toolchain/bin/../lib/gcc/avr/5.4.0/../../../../avr/lib/avr5\libm.a(mulsf3x.o)
 .text          0x00000000        0x0 c:/program files (x86)/atmel/studio/7.0/toolchain/avr8/avr8-gnu-toolchain/bin/../lib/gcc/avr/5.4.0/avr5\libgcc.a(_udivmodsi4.o)
 .data          0x00000000        0x0 c:/program files (x86)/atmel/studio/7.0/toolchain/avr8/avr8-gnu-toolchain/bin/../lib/gcc/avr/5.4.0/avr5\libgcc.a(_udivmodsi4.o)
 .bss           0x00000000        0x0 c:/program files (x86)/atmel/studio/7.0/toolchain/avr8/avr8-gnu-toolchain/bin/../lib/gcc/avr/5.4.0/avr5\libgcc.a(_udivmodsi4.o)
 .text.libgcc.mul
                0x00000000        0x0 c:/program files (x86)/atmel/studio/7.0/toolchain/avr8/avr8-gnu-toolchain/bin/../lib/gcc/avr/5.4.0/avr5\libgcc.a(_udivmodsi4.o)
 .text.libgcc   0x00000000        0x0 c:/program files (x86)/atmel/studio/7.0/toolchain/avr8/avr8-gnu-toolchain/bin/../lib/gcc/avr/5.4.0/avr5\libgcc.a(_udivmodsi4.o)
 .text.libgcc.prologue
                0x00000000        0x0 c:/program files (x86)/atmel/studio/7.0/toolchain/avr8/avr8-gnu-toolchain/bin/../lib/gcc/avr/5.4.0/avr5\libgcc.a(_udivmodsi4.o)
 .text.libgcc.builtins
                0x00000000        0x0 c:/program files (x86)/atmel/studio/7.0/toolchain/avr8/avr8-gnu-toolchain/bin/../lib/gcc/avr/5.4.0/avr5\libgcc.a(_udivmodsi4.o)
 .text.libgcc.fmul
                0x00000000        0x0 c:/program files (x86)/atmel/studio/7.0/toolchain/avr8/avr8-gnu-toolchain/bin/../lib/gcc/avr/5.4.0/avr5\libgcc.a(_udivmodsi4.o)
 .text.libgcc.fixed
                0x00000000        0x0 c:/program files (x86)/atmel/studio/7.0/toolchain/avr8/avr8-gnu-toolchain/bin/../lib/gcc/avr/5.4.0/avr5\libgcc.a(_udivmodsi4.o)
 .text          0x00000000        0x0 c:/program files (x86)/atmel/studio/7.0/toolchain/avr8/avr8-gnu-toolchain/bin/../lib/gcc/avr/5.4.0/avr5\libgcc.a(_exit.o)
 .data          0x00000000        0x0 c:/program files (x86)/atmel/studio/7.0/toolchain/avr8/avr8-gnu-toolchain/bin/../lib/gcc/avr/5.4.0/avr5\libgcc.a(_exit.o)
 .bss           0x00000000        0x0 c:/program files (x86)/atmel/studio/7.0/toolchain/avr8/avr8-gnu-toolchain/bin/../lib/gcc/avr/5.4.0/avr5\libgcc.a(_exit.o)
 .text.libgcc.mul
                0x00000000        0x0 c:/program files (x86)/atmel/studio/7.0/toolchain/avr8/avr8-gnu-toolchain/bin/../lib/gcc/avr/5.4.0/avr5\libgcc.a(_exit.o)
 .text.libgcc.div
                0x00000000        0x0 c:/program files (x86)/atmel/studio/7.0/toolchain/avr8/avr8-gnu-toolchain/bin/../lib/gcc/avr/5.4.0/avr5\libgcc.a(_exit.o)
 .text.libgcc   0x00000000        0x0 c:/program files (x86)/atmel/studio/7.0/toolchain/avr8/avr8-gnu-toolchain/bin/../lib/gcc/avr/5.4.0/avr5\libgcc.a(_exit.o)
 .text.libgcc.prologue
                0x00000000        0x0 c:/program files (x86)/atmel/studio/7.0/toolchain/avr8/avr8-gnu-toolchain/bin/../lib/gcc/avr/5.4.0/avr5\libgcc.a(_exit.o)
 .text.libgcc.builtins
                0x00000000        0x0 c:/program files (x86)/atmel/studio/7.0/toolchain/avr8/avr8-gnu-toolchain/bin/../lib/gcc/avr/5.4.0/avr5\libgcc.a(_exit.o)
 .text.libgcc.fmul
                0x00000000        0x0 c:/program files (x86)/atmel/studio/7.0/toolchain/avr8/avr8-gnu-toolchain/bin/../lib/gcc/avr/5.4.0/avr5\libgcc.a(_exit.o)
 .text.libgcc.fixed
                0x00000000        0x0 c:/program files (x86)/atmel/studio/7.0/toolchain/avr8/avr8-gnu-toolchain/bin/../lib/gcc/avr/5.4.0/avr5\libgcc.a(_exit.o)
 .text          0x00000000        0x0 c:/program files (x86)/atmel/studio/7.0/toolchain/avr8/avr8-gnu-toolchain/bin/../lib/gcc/avr/5.4.0/avr5\libgcc.a(_tablejump2.o)
 .data          0x00000000        0x0 c:/program files (x86)/atmel/studio/7.0/toolchain/avr8/avr8-gnu-toolchain/bin/../lib/gcc/avr/5.4.0/avr5\libgcc.a(_tablejump2.o)
 .bss           0x00000000        0x0 c:/program files (x86)/atmel/studio/7.0/toolchain/avr8/avr8-gnu-toolchain/bin/../lib/gcc/avr/5.4.0/avr5\libgcc.a(_tablejump2.o)
 .text.libgcc.mul
                0x00000000        0x0 c:/program files (x86)/atmel/studio/7.0/toolchain/avr8/avr8-gnu-toolchain/bin/../lib/gcc/avr/5.4.0/avr5\libgcc.a(_tablejump2.o)
 .text.libgcc.div
                0x00000000        0x0 c:/program files (x86)/atmel/studio/7.0/toolchain/avr8/avr8-gnu-toolchain/bin/../lib/gcc/avr/5.4.0/avr5\libgcc.a(_tablejump2.o)
 .text.libgcc.prologue
                0x00000000        0x0 c:/program files (x86)/atmel/studio/7.0/toolchain/avr8/avr8-gnu-toolchain/bin/../lib/gcc/avr/5.4.0/avr5\libgcc.a(_tablejump2.o)
 .text.libgcc.builtins
                0x00000000        0x0 c:/program files (x86)/atmel/studio/7.0/toolchain/avr8/avr8-gnu-toolchain/bin/../lib/gcc/avr/5.4.0/avr5\libgcc.a(_tablejump2.o)
 .text.libgcc.fmul
                0x00000000        0x0 c:/program files (x86)/atmel/studio/7.0/toolchain/avr8/avr8-gnu-toolchain/bin/../lib/gcc/avr/5.4.0/avr5\libgcc.a(_tablejump2.o)
 .text.libgcc.fixed
                0x00000000        0x0 c:/program files (x86)/atmel/studio/7.0/toolchain/avr8/avr8-gnu-toolchain/bin/../lib/gcc/avr/5.4.0/avr5\libgcc.a(_tablejump2.o)
 .text          0x00000000        0x0 c:/program files (x86)/atmel/studio/7.0/toolchain/avr8/avr8-gnu-toolchain/bin/../lib/gcc/avr/5.4.0/avr5\libgcc.a(_copy_data.o)
 .data          0x00000000        0x0 c:/program files (x86)/atmel/studio/7.0/toolchain/avr8/avr8-gnu-toolchain/bin/../lib/gcc/avr/5.4.0/avr5\libgcc.a(_copy_data.o)
 .bss           0x00000000        0x0 c:/program files (x86)/atmel/studio/7.0/toolchain/avr8/avr8-gnu-toolchain/bin/../lib/gcc/avr/5.4.0/avr5\libgcc.a(_copy_data.o)
 .text.libgcc.mul
                0x00000000        0x0 c:/program files (x86)/atmel/studio/7.0/toolchain/avr8/avr8-gnu-toolchain/bin/../lib/gcc/avr/5.4.0/avr5\libgcc.a(_copy_data.o)
 .text.libgcc.div
                0x00000000        0x0 c:/program files (x86)/atmel/studio/7.0/toolchain/avr8/avr8-gnu-toolchain/bin/../lib/gcc/avr/5.4.0/avr5\libgcc.a(_copy_data.o)
 .text.libgcc   0x00000000        0x0 c:/program files (x86)/atmel/studio/7.0/toolchain/avr8/avr8-gnu-toolchain/bin/../lib/gcc/avr/5.4.0/avr5\libgcc.a(_copy_data.o)
 .text.libgcc.prologue
                0x00000000        0x0 c:/program files (x86)/atmel/studio/7.0/toolchain/avr8/avr8-gnu-toolchain/bin/../lib/gcc/avr/5.4.0/avr5\libgcc.a(_copy_data.o)
 .text.libgcc.builtins
                0x00000000        0x0 c:/program files (x86)/atmel/studio/7.0/toolchain/avr8/avr8-gnu-toolchain/bin/../lib/gcc/avr/5.4.0/avr5\libgcc.a(_copy_data.o)
 .text.libgcc.fmul
                0x00000000        0x0 c:/program files (x86)/atmel/studio/7.0/toolchain/avr8/avr8-gnu-toolchain/bin/../lib/gcc/avr/5.4.0/avr5\libgcc.a(_copy_data.o)
 .text.libgcc.fixed
                0x00000000        0x0 c:/program files (x86)/atmel/studio/7.0/toolchain/avr8/avr8-gnu-toolchain/bin/../lib/gcc/avr/5.4.0/avr5\libgcc.a(_copy_data.o)
 .text          0x00000000        0x0 c:/program files (x86)/atmel/studio/7.0/toolchain/avr8/avr8-gnu-toolchain/bin/../lib/gcc/avr/5.4.0/avr5\libgcc.a(_clear_bss.o)
 .data          0x00000000        0x0 c:/program files (x86)/atmel/studio/7.0/toolchain/avr8/avr8-gnu-toolchain/bin/../lib/gcc/avr/5.4.0/avr5\libgcc.a(_clear_bss.o)
 .bss           0x00000000        0x0 c:/program files (x86)/atmel/studio/7.0/toolchain/avr8/avr8-gnu-toolchain/bin/../lib/gcc/avr/5.4.0/avr5\libgcc.a(_clear_bss.o)
 .text.libgcc.mul
                0x00000000        0x0 c:/program files (x86)/atmel/studio/7.0/toolchain/avr8/avr8-gnu-toolchain/bin/../lib/gcc/avr/5.4.0/avr5\libgcc.a(_clear_bss.o)
 .text.libgcc.div
                0x00000000        0x0 c:/program files (x86)/atmel/studio/7.0/toolchain/avr8/avr8-gnu-toolchain/bin/../lib/gcc/avr/5.4.0/avr5\libgcc.a(_clear_bss.o)
 .text.libgcc   0x00000000        0x0 c:/program files (x86)/atmel/studio/7.0/toolchain/avr8/avr8-gnu-toolchain/bin/../lib/gcc/avr/5.4.0/avr5\libgcc.a(_clear_bss.o)
 .text.libgcc.prologue
                0x00000000        0x0 c:/program files (x86)/atmel/studio/7.0/toolchain/avr8/avr8-gnu-toolchain/bin/../lib/gcc/avr/5.4.0/avr5\libgcc.a(_clear_bss.o)
 .text.libgcc.builtins
                0x00000000        0x0 c:/program files (x86)/atmel/studio/7.0/toolchain/avr8/avr8-gnu-toolchain/bin/../lib/gcc/avr/5.4.0/avr5\libgcc.a(_clear_bss.o)
 .text.libgcc.fmul
                0x00000000        0x0 c:/program files (x86)/atmel/studio/7.0/toolchain/avr8/avr8-gnu-toolchain/bin/../lib/gcc/avr/5.4.0/avr5\libgcc.a(_clear_bss.o)
 .text.libgcc.fixed
                0x00000000        0x0 c:/program files (x86)/atmel/studio/7.0/toolchain/avr8/avr8-gnu-toolchain/bin/../lib/gcc/avr/5.4.0/avr5\libgcc.a(_clear_bss.o)

Memory Configuration

Name             Origin             Length             Attributes
text             0x00000000         0x00020000         xr
data             0x00800060         0x0000ffa0         rw !x
eeprom           0x00810000         0x00010000         rw !x
fuse             0x00820000         0x00000002         rw !x
lock             0x00830000         0x00000400         rw !x
signature        0x00840000         0x00000400         rw !x
user_signatures  0x00850000         0x00000400         rw !x
*default*        0x00000000         0xffffffff

Linker script and memory map

LOAD C:/Program Files (x86)/Atmel/Studio/7.0/Packs/atmel/ATmega_DFP/1.2.209/gcc/dev/atmega32/avr5/crtatmega32.o
LOAD APP/Src/APP.o
LOAD HAL/Bluetooth/src/Bluetooth.o
LOAD HAL/EEPROM/src/EEPROM.o
LOAD HAL/Keypad/src/Keypad.o
LOAD HAL/LCD/src/LCD.o
LOAD HAL/PWM/src/PWM.o
LOAD HAL/ServoMotor/src/ServoMotor.o
LOAD main.o
LOAD MCAL/DIO/src/DIO.o
LOAD MCAL/DIO/src/DIO_CFG.o
LOAD MCAL/Ext_Int/src/Ext_Int.o
LOAD MCAL/GINT/src/GINT.o
LOAD MCAL/SPI/src/SPI.o
LOAD MCAL/TIMER1/src/TIMER1.o
LOAD MCAL/TWI/src/TWI.o
LOAD MCAL/UART/src/UART.o
START GROUP
LOAD c:/program files (x86)/atmel/studio/7.0/toolchain/avr8/avr8-gnu-toolchain/bin/../lib/gcc/avr/5.4.0/../../../../avr/lib/avr5\libm.a
END GROUP
START GROUP
LOAD c:/program files (x86)/atmel/studio/7.0/toolchain/avr8/avr8-gnu-toolchain/bin/../lib/gcc/avr/5.4.0/avr5\libgcc.a
LOAD c:/program files (x86)/atmel/studio/7.0/toolchain/avr8/avr8-gnu-toolchain/bin/../lib/gcc/avr/5.4.0/../../../../avr/lib/avr5\libm.a
LOAD c:/program files (x86)/atmel/studio/7.0/toolchain/avr8/avr8-gnu-toolchain/bin/../lib/gcc/avr/5.4.0/../../../../avr/lib/avr5\libc.a
LOAD C:/Program Files (x86)/Atmel/Studio/7.0/Packs/atmel/ATmega_DFP/1.2.209/gcc/dev/atmega32/avr5\libatmega32.a
END GROUP
                0x00000000                __TEXT_REGION_ORIGIN__ = DEFINED (__TEXT_REGION_ORIGIN__)?__TEXT_REGION_ORIGIN__:0x0
                0x00800060                __DATA_REGION_ORIGIN__ = DEFINED (__DATA_REGION_ORIGIN__)?__DATA_REGION_ORIGIN__:0x800060
                0x00020000                __TEXT_REGION_LENGTH__ = DEFINED (__TEXT_REGION_LENGTH__)?__TEXT_REGION_LENGTH__:0x20000
                0x0000ffa0                __DATA_REGION_LENGTH__ = DEFINED (__DATA_REGION_LENGTH__)?__DATA_REGION_LENGTH__:0xffa0
                0x00010000                __EEPROM_REGION_LENGTH__ = DEFINED (__EEPROM_REGION_LENGTH__)?__EEPROM_REGION_LENGTH__:0x10000
                [0x00000002]                __FUSE_REGION_LENGTH__ = DEFINED (__FUSE_REGION_LENGTH__)?__FUSE_REGION_LENGTH__:0x400
                0x00000400                __LOCK_REGION_LENGTH__ = DEFINED (__LOCK_REGION_LENGTH__)?__LOCK_REGION_LENGTH__:0x400
                0x00000400                __SIGNATURE_REGION_LENGTH__ = DEFINED (__SIGNATURE_REGION_LENGTH__)?__SIGNATURE_REGION_LENGTH__:0x400
                0x00000400                __USER_SIGNATURE_REGION_LENGTH__ = DEFINED (__USER_SIGNATURE_REGION_LENGTH__)?__USER_SIGNATURE_REGION_LENGTH__:0x400

.hash
 *(.hash)

.dynsym
 *(.dynsym)

.dynstr
 *(.dynstr)

.gnu.version
 *(.gnu.version)

.gnu.version_d
 *(.gnu.version_d)

.gnu.version_r
 *(.gnu.version_r)

.rel.init
 *(.rel.init)

.rela.init
 *(.rela.init)

.rel.text
 *(.rel.text)
 *(.rel.text.*)
 *(.rel.gnu.linkonce.t*)

.rela.text
 *(.rela.text)
 *(.rela.text.*)
 *(.rela.gnu.linkonce.t*)

.rel.fini
 *(.rel.fini)

.rela.fini
 *(.rela.fini)

.rel.rodata
 *(.rel.rodata)
 *(.rel.rodata.*)
 *(.rel.gnu.linkonce.r*)

.rela.rodata
 *(.rela.rodata)
 *(.rela.rodata.*)
 *(.rela.gnu.linkonce.r*)

.rel.data
 *(.rel.data)
 *(.rel.data.*)
 *(.rel.gnu.linkonce.d*)

.rela.data
 *(.rela.data)
 *(.rela.data.*)
 *(.rela.gnu.linkonce.d*)

.rel.ctors
 *(.rel.ctors)

.rela.ctors
 *(.rela.ctors)

.rel.dtors
 *(.rel.dtors)

.rela.dtors
 *(.rela.dtors)

.rel.got
 *(.rel.got)

.rela.got
 *(.rela.got)

.rel.bss
 *(.rel.bss)

.rela.bss
 *(.rela.bss)

.rel.plt
 *(.rel.plt)

.rela.plt
 *(.rela.plt)

.text           0x00000000     0x257a
 *(.vectors)
 .vectors       0x00000000       0x54 C:/Program Files (x86)/Atmel/Studio/7.0/Packs/atmel/ATmega_DFP/1.2.209/gcc/dev/atmega32/avr5/crtatmega32.o
                0x00000000                __vector_default
                0x00000000                __vectors
 *(.vectors)
 *(.progmem.gcc*)
 .progmem.gcc_sw_table.AdminMenu
                0x00000054       0x6a APP/Src/APP.o
                0x000000be                . = ALIGN (0x2)
                0x000000be                __trampolines_start = .
 *(.trampolines)
 .trampolines   0x000000be        0x0 linker stubs
 *(.trampolines*)
                0x000000be                __trampolines_end = .
 *libprintf_flt.a:*(.progmem.data)
 *libc.a:*(.progmem.data)
 *(.progmem*)
                0x000000be                . = ALIGN (0x2)
 *(.jumptables)
 *(.jumptables*)
 *(.lowtext)
 *(.lowtext*)
                0x000000be                __ctors_start = .
 *(.ctors)
                0x000000be                __ctors_end = .
                0x000000be                __dtors_start = .
 *(.dtors)
                0x000000be                __dtors_end = .
 SORT(*)(.ctors)
 SORT(*)(.dtors)
 *(.init0)
 .init0         0x000000be        0x0 C:/Program Files (x86)/Atmel/Studio/7.0/Packs/atmel/ATmega_DFP/1.2.209/gcc/dev/atmega32/avr5/crtatmega32.o
                0x000000be                __init
 *(.init0)
 *(.init1)
 *(.init1)
 *(.init2)
 .init2         0x000000be        0xc C:/Program Files (x86)/Atmel/Studio/7.0/Packs/atmel/ATmega_DFP/1.2.209/gcc/dev/atmega32/avr5/crtatmega32.o
 *(.init2)
 *(.init3)
 *(.init3)
 *(.init4)
 .init4         0x000000ca       0x16 c:/program files (x86)/atmel/studio/7.0/toolchain/avr8/avr8-gnu-toolchain/bin/../lib/gcc/avr/5.4.0/avr5\libgcc.a(_copy_data.o)
                0x000000ca                __do_copy_data
 .init4         0x000000e0       0x10 c:/program files (x86)/atmel/studio/7.0/toolchain/avr8/avr8-gnu-toolchain/bin/../lib/gcc/avr/5.4.0/avr5\libgcc.a(_clear_bss.o)
                0x000000e0                __do_clear_bss
 *(.init4)
 *(.init5)
 *(.init5)
 *(.init6)
 *(.init6)
 *(.init7)
 *(.init7)
 *(.init8)
 *(.init8)
 *(.init9)
 .init9         0x000000f0        0x8 C:/Program Files (x86)/Atmel/Studio/7.0/Packs/atmel/ATmega_DFP/1.2.209/gcc/dev/atmega32/avr5/crtatmega32.o
 *(.init9)
 *(.text)
 .text          0x000000f8        0x4 C:/Program Files (x86)/Atmel/Studio/7.0/Packs/atmel/ATmega_DFP/1.2.209/gcc/dev/atmega32/avr5/crtatmega32.o
                0x000000f8                __vector_12
                0x000000f8                __bad_interrupt
                0x000000f8                __vector_6
                0x000000f8                __vector_11
                0x000000f8                __vector_13
                0x000000f8                __vector_17
                0x000000f8                __vector_19
                0x000000f8                __vector_5
                0x000000f8                __vector_4
                0x000000f8                __vector_15
                0x000000f8                __vector_14
                0x000000f8                __vector_10
                0x000000f8                __vector_16
                0x000000f8                __vector_18
                0x000000f8                __vector_20
                0x000000fc                . = ALIGN (0x2)
 *(.text.*)
 .text.Password_Exist
                0x000000fc       0x7c APP/Src/APP.o
                0x000000fc                Password_Exist
 .text.getPassword
                0x00000178       0x3e APP/Src/APP.o
                0x00000178                getPassword
 .text.ALARM    0x000001b6       0x3a APP/Src/APP.o
                0x000001b6                ALARM
 .text.DoorCheck
                0x000001f0       0x28 APP/Src/APP.o
                0x000001f0                DoorCheck
 .text.Users_Count
                0x00000218       0x22 APP/Src/APP.o
                0x00000218                Users_Count
 .text.ChooseUser
                0x0000023a       0x4e APP/Src/APP.o
                0x0000023a                ChooseUser
 .text.AdminMenu
                0x00000288      0x33a APP/Src/APP.o
                0x00000288                AdminMenu
 .text.MainMenu
                0x000005c2       0xd4 APP/Src/APP.o
                0x000005c2                MainMenu
 .text.Menu2    0x00000696      0x228 APP/Src/APP.o
                0x00000696                Menu2
 .text.ROOM1    0x000008be      0x490 APP/Src/APP.o
                0x000008be                ROOM1
 .text.ROOM2    0x00000d4e      0x3cc APP/Src/APP.o
                0x00000d4e                ROOM2
 .text.Menu1    0x0000111a      0x2b8 APP/Src/APP.o
                0x0000111a                Menu1
 .text.Bluetooth_Init
                0x000013d2        0x6 HAL/Bluetooth/src/Bluetooth.o
                0x000013d2                Bluetooth_Init
 .text.Bluetooth_TransmaitString
                0x000013d8        0x6 HAL/Bluetooth/src/Bluetooth.o
                0x000013d8                Bluetooth_TransmaitString
 .text.Bluetooth_Receive
                0x000013de        0x6 HAL/Bluetooth/src/Bluetooth.o
                0x000013de                Bluetooth_Receive
 .text.EEPROM_WriteByte
                0x000013e4       0x40 HAL/EEPROM/src/EEPROM.o
                0x000013e4                EEPROM_WriteByte
 .text.EEPROM_ReadByte
                0x00001424       0x64 HAL/EEPROM/src/EEPROM.o
                0x00001424                EEPROM_ReadByte
 .text.Keypad_Init
                0x00001488       0x6e HAL/Keypad/src/Keypad.o
                0x00001488                Keypad_Init
 .text.GetKey   0x000014f6       0xb8 HAL/Keypad/src/Keypad.o
                0x000014f6                GetKey
 .text.LCD_Cmd  0x000015ae       0x90 HAL/LCD/src/LCD.o
                0x000015ae                LCD_Cmd
 .text.LCD_Init
                0x0000163e       0x42 HAL/LCD/src/LCD.o
                0x0000163e                LCD_Init
 .text.LCD_Char
                0x00001680       0x90 HAL/LCD/src/LCD.o
                0x00001680                LCD_Char
 .text.LCD_String
                0x00001710       0x2c HAL/LCD/src/LCD.o
                0x00001710                LCD_String
 .text.LCD_SetPos
                0x0000173c       0x22 HAL/LCD/src/LCD.o
                0x0000173c                LCD_SetPos
 .text.LCD_Custome_Char
                0x0000175e       0x36 HAL/LCD/src/LCD.o
                0x0000175e                LCD_Custome_Char
 .text.LCD_Clear
                0x00001794        0x8 HAL/LCD/src/LCD.o
                0x00001794                LCD_Clear
 .text.ServoMotor
                0x0000179c       0x92 HAL/ServoMotor/src/ServoMotor.o
                0x0000179c                ServoMotor
 .text.main     0x0000182e       0x7c main.o
                0x0000182e                main
 .text.DIO_WriteChannel
                0x000018aa      0x104 MCAL/DIO/src/DIO.o
                0x000018aa                DIO_WriteChannel
 .text.DIO_ReadChannel
                0x000019ae       0x66 MCAL/DIO/src/DIO.o
                0x000019ae                DIO_ReadChannel
 .text.DIO_ConfigChannel
                0x00001a14      0x104 MCAL/DIO/src/DIO.o
                0x00001a14                DIO_ConfigChannel
 .text.DIO_ReadPort
                0x00001b18       0x24 MCAL/DIO/src/DIO.o
                0x00001b18                DIO_ReadPort
 .text.DIO_WritePort
                0x00001b3c       0x20 MCAL/DIO/src/DIO.o
                0x00001b3c                DIO_WritePort
 .text.DIO_Init
                0x00001b5c      0x102 MCAL/DIO/src/DIO_CFG.o
                0x00001b5c                DIO_Init
 .text.__vector_1
                0x00001c5e       0x4e MCAL/Ext_Int/src/Ext_Int.o
                0x00001c5e                __vector_1
 .text.__vector_2
                0x00001cac       0x4e MCAL/Ext_Int/src/Ext_Int.o
                0x00001cac                __vector_2
 .text.__vector_3
                0x00001cfa       0x4e MCAL/Ext_Int/src/Ext_Int.o
                0x00001cfa                __vector_3
 .text.SPI_Init
                0x00001d48       0x8c MCAL/SPI/src/SPI.o
                0x00001d48                SPI_Init
 .text.SPI_TxRx
                0x00001dd4        0xa MCAL/SPI/src/SPI.o
                0x00001dd4                SPI_TxRx
 .text.TIMER1_Init
                0x00001dde      0x152 MCAL/TIMER1/src/TIMER1.o
                0x00001dde                TIMER1_Init
 .text.TIMER1_OCR1A_SetValue
                0x00001f30        0x6 MCAL/TIMER1/src/TIMER1.o
                0x00001f30                TIMER1_OCR1A_SetValue
 .text.TIMER1_ICR_SetValue
                0x00001f36        0x6 MCAL/TIMER1/src/TIMER1.o
                0x00001f36                TIMER1_ICR_SetValue
 .text.__vector_7
                0x00001f3c       0x4e MCAL/TIMER1/src/TIMER1.o
                0x00001f3c                __vector_7
 .text.__vector_8
                0x00001f8a       0x4e MCAL/TIMER1/src/TIMER1.o
                0x00001f8a                __vector_8
 .text.__vector_9
                0x00001fd8       0x4e MCAL/TIMER1/src/TIMER1.o
                0x00001fd8                __vector_9
 .text.TWI_Init
                0x00002026        0x8 MCAL/TWI/src/TWI.o
                0x00002026                TWI_Init
 .text.TWI_Start
                0x0000202e       0x2a MCAL/TWI/src/TWI.o
                0x0000202e                TWI_Start
 .text.TWI_Send
                0x00002058       0x2c MCAL/TWI/src/TWI.o
                0x00002058                TWI_Send
 .text.TWI_Read_NAck
                0x00002084       0x30 MCAL/TWI/src/TWI.o
                0x00002084                TWI_Read_NAck
 .text.TWI_Stop
                0x000020b4       0x20 MCAL/TWI/src/TWI.o
                0x000020b4                TWI_Stop
 .text.UART_Init
                0x000020d4       0xe8 MCAL/UART/src/UART.o
                0x000020d4                UART_Init
 .text.UART_Transmait
                0x000021bc        0x8 MCAL/UART/src/UART.o
                0x000021bc                UART_Transmait
 .text.UART_TransmaitString
                0x000021c4       0x2c MCAL/UART/src/UART.o
                0x000021c4                UART_TransmaitString
 .text.UART_Receive
                0x000021f0        0x8 MCAL/UART/src/UART.o
                0x000021f0                UART_Receive
 .text.avr-libc.fplib
                0x000021f8        0xe c:/program files (x86)/atmel/studio/7.0/toolchain/avr8/avr8-gnu-toolchain/bin/../lib/gcc/avr/5.4.0/../../../../avr/lib/avr5\libm.a(addsf3.o)
                0x000021f8                __subsf3
                0x000021fa                __addsf3
 .text.avr-libc.fplib
                0x00002206       0xcc c:/program files (x86)/atmel/studio/7.0/toolchain/avr8/avr8-gnu-toolchain/bin/../lib/gcc/avr/5.4.0/../../../../avr/lib/avr5\libm.a(addsf3x.o)
                0x00002228                __addsf3x
 .text.avr-libc.fplib
                0x000022d2       0x5e c:/program files (x86)/atmel/studio/7.0/toolchain/avr8/avr8-gnu-toolchain/bin/../lib/gcc/avr/5.4.0/../../../../avr/lib/avr5\libm.a(fixunssfsi.o)
                0x000022d2                __fixunssfsi
 .text.avr-libc.fplib
                0x00002330       0x7a c:/program files (x86)/atmel/studio/7.0/toolchain/avr8/avr8-gnu-toolchain/bin/../lib/gcc/avr/5.4.0/../../../../avr/lib/avr5\libm.a(floatsisf.o)
                0x00002330                __floatunsisf
                0x00002334                __floatsisf
 .text.avr-libc.fplib
                0x000023aa        0xc c:/program files (x86)/atmel/studio/7.0/toolchain/avr8/avr8-gnu-toolchain/bin/../lib/gcc/avr/5.4.0/../../../../avr/lib/avr5\libm.a(fp_inf.o)
                0x000023aa                __fp_inf
 .text.avr-libc.fplib
                0x000023b6        0x6 c:/program files (x86)/atmel/studio/7.0/toolchain/avr8/avr8-gnu-toolchain/bin/../lib/gcc/avr/5.4.0/../../../../avr/lib/avr5\libm.a(fp_nan.o)
                0x000023b6                __fp_nan
 .text.avr-libc.fplib
                0x000023bc        0xe c:/program files (x86)/atmel/studio/7.0/toolchain/avr8/avr8-gnu-toolchain/bin/../lib/gcc/avr/5.4.0/../../../../avr/lib/avr5\libm.a(fp_pscA.o)
                0x000023bc                __fp_pscA
 .text.avr-libc.fplib
                0x000023ca        0xe c:/program files (x86)/atmel/studio/7.0/toolchain/avr8/avr8-gnu-toolchain/bin/../lib/gcc/avr/5.4.0/../../../../avr/lib/avr5\libm.a(fp_pscB.o)
                0x000023ca                __fp_pscB
 .text.avr-libc.fplib
                0x000023d8       0x22 c:/program files (x86)/atmel/studio/7.0/toolchain/avr8/avr8-gnu-toolchain/bin/../lib/gcc/avr/5.4.0/../../../../avr/lib/avr5\libm.a(fp_round.o)
                0x000023d8                __fp_round
 .text.avr-libc.fplib
                0x000023fa       0x44 c:/program files (x86)/atmel/studio/7.0/toolchain/avr8/avr8-gnu-toolchain/bin/../lib/gcc/avr/5.4.0/../../../../avr/lib/avr5\libm.a(fp_split3.o)
                0x000023fa                __fp_split3
                0x0000240a                __fp_splitA
 .text.avr-libc.fplib
                0x0000243e        0xe c:/program files (x86)/atmel/studio/7.0/toolchain/avr8/avr8-gnu-toolchain/bin/../lib/gcc/avr/5.4.0/../../../../avr/lib/avr5\libm.a(fp_zero.o)
                0x0000243e                __fp_zero
                0x00002440                __fp_szero
 .text.avr-libc.fplib
                0x0000244c        0x8 c:/program files (x86)/atmel/studio/7.0/toolchain/avr8/avr8-gnu-toolchain/bin/../lib/gcc/avr/5.4.0/../../../../avr/lib/avr5\libm.a(mulsf3.o)
                0x0000244c                __mulsf3
 .text.avr-libc.fplib
                0x00002454       0xd2 c:/program files (x86)/atmel/studio/7.0/toolchain/avr8/avr8-gnu-toolchain/bin/../lib/gcc/avr/5.4.0/../../../../avr/lib/avr5\libm.a(mulsf3x.o)
                0x00002472                __mulsf3x
                0x00002478                __mulsf3_pse
 .text.libgcc.div
                0x00002526       0x44 c:/program files (x86)/atmel/studio/7.0/toolchain/avr8/avr8-gnu-toolchain/bin/../lib/gcc/avr/5.4.0/avr5\libgcc.a(_udivmodsi4.o)
                0x00002526                __udivmodsi4
 .text.libgcc   0x0000256a        0xc c:/program files (x86)/atmel/studio/7.0/toolchain/avr8/avr8-gnu-toolchain/bin/../lib/gcc/avr/5.4.0/avr5\libgcc.a(_tablejump2.o)
                0x0000256a                __tablejump2__
                0x00002576                . = ALIGN (0x2)
 *(.fini9)
 .fini9         0x00002576        0x0 c:/program files (x86)/atmel/studio/7.0/toolchain/avr8/avr8-gnu-toolchain/bin/../lib/gcc/avr/5.4.0/avr5\libgcc.a(_exit.o)
                0x00002576                _exit
                0x00002576                exit
 *(.fini9)
 *(.fini8)
 *(.fini8)
 *(.fini7)
 *(.fini7)
 *(.fini6)
 *(.fini6)
 *(.fini5)
 *(.fini5)
 *(.fini4)
 *(.fini4)
 *(.fini3)
 *(.fini3)
 *(.fini2)
 *(.fini2)
 *(.fini1)
 *(.fini1)
 *(.fini0)
 .fini0         0x00002576        0x4 c:/program files (x86)/atmel/studio/7.0/toolchain/avr8/avr8-gnu-toolchain/bin/../lib/gcc/avr/5.4.0/avr5\libgcc.a(_exit.o)
 *(.fini0)
                0x0000257a                _etext = .

.data           0x00800060      0x754 load address 0x0000257a
                0x00800060                PROVIDE (__data_start, .)
 *(.data)
 *(.data*)
 .data.customChar
                0x00800060        0x8 APP/Src/APP.o
                0x00800060                customChar
 .data.keypad   0x00800068       0x10 HAL/Keypad/src/Keypad.o
                0x00800068                keypad
 .data.keypadCols
                0x00800078        0x4 HAL/Keypad/src/Keypad.o
                0x00800078                keypadCols
 .data.keypadRows
                0x0080007c        0x4 HAL/Keypad/src/Keypad.o
                0x0080007c                keypadRows
 .data.PinCfg   0x00800080       0x40 MCAL/DIO/src/DIO_CFG.o
                0x00800080                PinCfg
 *(.gnu.linkonce.d*)
 *(.rodata)
 .rodata        0x008000c0        0x8 HAL/ServoMotor/src/ServoMotor.o
 .rodata        0x008000c8        0x8 main.o
 *(.rodata*)
 .rodata.str1.1
                0x008000d0      0x6e4 APP/Src/APP.o
                                0x6ee (size before relaxing)
 *(.gnu.linkonce.r*)
                0x008007b4                . = ALIGN (0x2)
                0x008007b4                _edata = .
                0x008007b4                PROVIDE (__data_end, .)

.bss            0x008007b4        0xc
                0x008007b4                PROVIDE (__bss_start, .)
 *(.bss)
 *(.bss*)
 .bss.ExtInt2FunPtr
                0x008007b4        0x2 MCAL/Ext_Int/src/Ext_Int.o
                0x008007b4                ExtInt2FunPtr
 .bss.ExtInt1FunPtr
                0x008007b6        0x2 MCAL/Ext_Int/src/Ext_Int.o
                0x008007b6                ExtInt1FunPtr
 .bss.ExtInt0FunPtr
                0x008007b8        0x2 MCAL/Ext_Int/src/Ext_Int.o
                0x008007b8                ExtInt0FunPtr
 .bss.Timer1TovIntFunPtr
                0x008007ba        0x2 MCAL/TIMER1/src/TIMER1.o
                0x008007ba                Timer1TovIntFunPtr
 .bss.Timer1Oc1bIntFunPtr
                0x008007bc        0x2 MCAL/TIMER1/src/TIMER1.o
                0x008007bc                Timer1Oc1bIntFunPtr
 .bss.Timer1Oc1aIntFunPtr
                0x008007be        0x2 MCAL/TIMER1/src/TIMER1.o
                0x008007be                Timer1Oc1aIntFunPtr
 *(COMMON)
                0x008007c0                PROVIDE (__bss_end, .)
                0x0000257a                __data_load_start = LOADADDR (.data)
                0x00002cce                __data_load_end = (__data_load_start + SIZEOF (.data))

.noinit         0x008007c0        0x0
                [!provide]                PROVIDE (__noinit_start, .)
 *(.noinit*)
                [!provide]                PROVIDE (__noinit_end, .)
                0x008007c0                _end = .
                [!provide]                PROVIDE (__heap_start, .)

.eeprom         0x00810000        0x0
 *(.eeprom*)
                0x00810000                __eeprom_end = .

.fuse
 *(.fuse)
 *(.lfuse)
 *(.hfuse)
 *(.efuse)

.lock
 *(.lock*)

.signature
 *(.signature*)

.user_signatures
 *(.user_signatures*)

.stab
 *(.stab)

.stabstr
 *(.stabstr)

.stab.excl
 *(.stab.excl)

.stab.exclstr
 *(.stab.exclstr)

.stab.index
 *(.stab.index)

.stab.indexstr
 *(.stab.indexstr)

.comment        0x00000000       0x30
 *(.comment)
 .comment       0x00000000       0x30 APP/Src/APP.o
                                 0x31 (size before relaxing)
 .comment       0x00000030       0x31 HAL/Bluetooth/src/Bluetooth.o
 .comment       0x00000030       0x31 HAL/EEPROM/src/EEPROM.o
 .comment       0x00000030       0x31 HAL/Keypad/src/Keypad.o
 .comment       0x00000030       0x31 HAL/LCD/src/LCD.o
 .comment       0x00000030       0x31 HAL/ServoMotor/src/ServoMotor.o
 .comment       0x00000030       0x31 main.o
 .comment       0x00000030       0x31 MCAL/DIO/src/DIO.o
 .comment       0x00000030       0x31 MCAL/DIO/src/DIO_CFG.o
 .comment       0x00000030       0x31 MCAL/Ext_Int/src/Ext_Int.o
 .comment       0x00000030       0x31 MCAL/SPI/src/SPI.o
 .comment       0x00000030       0x31 MCAL/TIMER1/src/TIMER1.o
 .comment       0x00000030       0x31 MCAL/TWI/src/TWI.o
 .comment       0x00000030       0x31 MCAL/UART/src/UART.o

.note.gnu.avr.deviceinfo
                0x00000000       0x3c
 .note.gnu.avr.deviceinfo
                0x00000000       0x3c C:/Program Files (x86)/Atmel/Studio/7.0/Packs/atmel/ATmega_DFP/1.2.209/gcc/dev/atmega32/avr5/crtatmega32.o

.note.gnu.build-id
 *(.note.gnu.build-id)

.debug
 *(.debug)

.line
 *(.line)

.debug_srcinfo
 *(.debug_srcinfo)

.debug_sfnames
 *(.debug_sfnames)

.debug_aranges  0x00000000      0x380
 *(.debug_aranges)
 .debug_aranges
                0x00000000       0x80 APP/Src/APP.o
 .debug_aranges
                0x00000080       0x38 HAL/Bluetooth/src/Bluetooth.o
 .debug_aranges
                0x000000b8       0x28 HAL/EEPROM/src/EEPROM.o
 .debug_aranges
                0x000000e0       0x28 HAL/Keypad/src/Keypad.o
 .debug_aranges
                0x00000108       0x50 HAL/LCD/src/LCD.o
 .debug_aranges
                0x00000158       0x20 HAL/ServoMotor/src/ServoMotor.o
 .debug_aranges
                0x00000178       0x20 main.o
 .debug_aranges
                0x00000198       0x50 MCAL/DIO/src/DIO.o
 .debug_aranges
                0x000001e8       0x20 MCAL/DIO/src/DIO_CFG.o
 .debug_aranges
                0x00000208       0x50 MCAL/Ext_Int/src/Ext_Int.o
 .debug_aranges
                0x00000258       0x38 MCAL/SPI/src/SPI.o
 .debug_aranges
                0x00000290       0x68 MCAL/TIMER1/src/TIMER1.o
 .debug_aranges
                0x000002f8       0x50 MCAL/TWI/src/TWI.o
 .debug_aranges
                0x00000348       0x38 MCAL/UART/src/UART.o

.debug_pubnames
 *(.debug_pubnames)

.debug_info     0x00000000     0x6d99
 *(.debug_info .gnu.linkonce.wi.*)
 .debug_info    0x00000000      0x4e6 C:/Program Files (x86)/Atmel/Studio/7.0/Packs/atmel/ATmega_DFP/1.2.209/gcc/dev/atmega32/avr5/crtatmega32.o
 .debug_info    0x000004e6     0x31c8 APP/Src/APP.o
 .debug_info    0x000036ae      0x360 HAL/Bluetooth/src/Bluetooth.o
 .debug_info    0x00003a0e      0x242 HAL/EEPROM/src/EEPROM.o
 .debug_info    0x00003c50      0x2fd HAL/Keypad/src/Keypad.o
 .debug_info    0x00003f4d      0x82b HAL/LCD/src/LCD.o
 .debug_info    0x00004778      0x427 HAL/ServoMotor/src/ServoMotor.o
 .debug_info    0x00004b9f      0x5cd main.o
 .debug_info    0x0000516c      0x3ab MCAL/DIO/src/DIO.o
 .debug_info    0x00005517      0x24f MCAL/DIO/src/DIO_CFG.o
 .debug_info    0x00005766      0x222 MCAL/Ext_Int/src/Ext_Int.o
 .debug_info    0x00005988      0x5ba MCAL/SPI/src/SPI.o
 .debug_info    0x00005f42      0x562 MCAL/TIMER1/src/TIMER1.o
 .debug_info    0x000064a4      0x311 MCAL/TWI/src/TWI.o
 .debug_info    0x000067b5      0x5e4 MCAL/UART/src/UART.o

.debug_abbrev   0x00000000     0x1557
 *(.debug_abbrev)
 .debug_abbrev  0x00000000      0x4a3 C:/Program Files (x86)/Atmel/Studio/7.0/Packs/atmel/ATmega_DFP/1.2.209/gcc/dev/atmega32/avr5/crtatmega32.o
 .debug_abbrev  0x000004a3      0x294 APP/Src/APP.o
 .debug_abbrev  0x00000737      0x105 HAL/Bluetooth/src/Bluetooth.o
 .debug_abbrev  0x0000083c       0xd2 HAL/EEPROM/src/EEPROM.o
 .debug_abbrev  0x0000090e      0x103 HAL/Keypad/src/Keypad.o
 .debug_abbrev  0x00000a11      0x1a9 HAL/LCD/src/LCD.o
 .debug_abbrev  0x00000bba      0x11a HAL/ServoMotor/src/ServoMotor.o
 .debug_abbrev  0x00000cd4      0x14b main.o
 .debug_abbrev  0x00000e1f       0xdd MCAL/DIO/src/DIO.o
 .debug_abbrev  0x00000efc       0xbb MCAL/DIO/src/DIO_CFG.o
 .debug_abbrev  0x00000fb7       0xcf MCAL/Ext_Int/src/Ext_Int.o
 .debug_abbrev  0x00001086      0x12b MCAL/SPI/src/SPI.o
 .debug_abbrev  0x000011b1      0x109 MCAL/TIMER1/src/TIMER1.o
 .debug_abbrev  0x000012ba      0x13b MCAL/TWI/src/TWI.o
 .debug_abbrev  0x000013f5      0x162 MCAL/UART/src/UART.o

.debug_line     0x00000000     0x2b02
 *(.debug_line .debug_line.* .debug_line_end)
 .debug_line    0x00000000      0x115 C:/Program Files (x86)/Atmel/Studio/7.0/Packs/atmel/ATmega_DFP/1.2.209/gcc/dev/atmega32/avr5/crtatmega32.o
 .debug_line    0x00000115     0x130f APP/Src/APP.o
 .debug_line    0x00001424       0xe4 HAL/Bluetooth/src/Bluetooth.o
 .debug_line    0x00001508       0xe8 HAL/EEPROM/src/EEPROM.o
 .debug_line    0x000015f0      0x157 HAL/Keypad/src/Keypad.o
 .debug_line    0x00001747      0x33a HAL/LCD/src/LCD.o
 .debug_line    0x00001a81       0xef HAL/ServoMotor/src/ServoMotor.o
 .debug_line    0x00001b70      0x286 main.o
 .debug_line    0x00001df6      0x2ae MCAL/DIO/src/DIO.o
 .debug_line    0x000020a4      0x102 MCAL/DIO/src/DIO_CFG.o
 .debug_line    0x000021a6      0x1ba MCAL/Ext_Int/src/Ext_Int.o
 .debug_line    0x00002360      0x19c MCAL/SPI/src/SPI.o
 .debug_line    0x000024fc      0x2b2 MCAL/TIMER1/src/TIMER1.o
 .debug_line    0x000027ae      0x1f7 MCAL/TWI/src/TWI.o
 .debug_line    0x000029a5      0x15d MCAL/UART/src/UART.o

.debug_frame    0x00000000      0x990
 *(.debug_frame)
 .debug_frame   0x00000000      0x220 APP/Src/APP.o
 .debug_frame   0x00000220       0x54 HAL/Bluetooth/src/Bluetooth.o
 .debug_frame   0x00000274       0x60 HAL/EEPROM/src/EEPROM.o
 .debug_frame   0x000002d4       0x9c HAL/Keypad/src/Keypad.o
 .debug_frame   0x00000370       0xb8 HAL/LCD/src/LCD.o
 .debug_frame   0x00000428       0x40 HAL/ServoMotor/src/ServoMotor.o
 .debug_frame   0x00000468       0x34 main.o
 .debug_frame   0x0000049c       0x84 MCAL/DIO/src/DIO.o
 .debug_frame   0x00000520       0x24 MCAL/DIO/src/DIO_CFG.o
 .debug_frame   0x00000544      0x15c MCAL/Ext_Int/src/Ext_Int.o
 .debug_frame   0x000006a0       0x70 MCAL/SPI/src/SPI.o
 .debug_frame   0x00000710      0x18c MCAL/TIMER1/src/TIMER1.o
 .debug_frame   0x0000089c       0x84 MCAL/TWI/src/TWI.o
 .debug_frame   0x00000920       0x70 MCAL/UART/src/UART.o

.debug_str      0x00000000     0x176b
 *(.debug_str)
 .debug_str     0x00000000      0x196 C:/Program Files (x86)/Atmel/Studio/7.0/Packs/atmel/ATmega_DFP/1.2.209/gcc/dev/atmega32/avr5/crtatmega32.o
 .debug_str     0x00000196      0x5f4 APP/Src/APP.o
                                0x63e (size before relaxing)
 .debug_str     0x0000078a      0x2fa HAL/Bluetooth/src/Bluetooth.o
                                0x478 (size before relaxing)
 .debug_str     0x00000a84       0x62 HAL/EEPROM/src/EEPROM.o
                                0x208 (size before relaxing)
 .debug_str     0x00000ae6       0x6c HAL/Keypad/src/Keypad.o
                                0x394 (size before relaxing)
 .debug_str     0x00000b52       0x87 HAL/LCD/src/LCD.o
                                0x467 (size before relaxing)
 .debug_str     0x00000bd9      0x2e7 HAL/ServoMotor/src/ServoMotor.o
                                0x654 (size before relaxing)
 .debug_str     0x00000ec0      0x11f main.o
                                0x75e (size before relaxing)
 .debug_str     0x00000fdf       0xb3 MCAL/DIO/src/DIO.o
                                0x440 (size before relaxing)
 .debug_str     0x00001092       0x25 MCAL/DIO/src/DIO_CFG.o
                                0x3cf (size before relaxing)
 .debug_str     0x000010b7      0x145 MCAL/Ext_Int/src/Ext_Int.o
                                0x2b7 (size before relaxing)
 .debug_str     0x000011fc       0xfd MCAL/SPI/src/SPI.o
                                0x56b (size before relaxing)
 .debug_str     0x000012f9      0x1e7 MCAL/TIMER1/src/TIMER1.o
                                0x619 (size before relaxing)
 .debug_str     0x000014e0       0xce MCAL/TWI/src/TWI.o
                                0x296 (size before relaxing)
 .debug_str     0x000015ae      0x1bd MCAL/UART/src/UART.o
                                0x5e8 (size before relaxing)

.debug_loc      0x00000000     0x404e
 *(.debug_loc)
 .debug_loc     0x00000000     0x21f1 APP/Src/APP.o
 .debug_loc     0x000021f1       0x6d HAL/Bluetooth/src/Bluetooth.o
 .debug_loc     0x0000225e      0x272 HAL/EEPROM/src/EEPROM.o
 .debug_loc     0x000024d0      0x256 HAL/Keypad/src/Keypad.o
 .debug_loc     0x00002726      0x5a4 HAL/LCD/src/LCD.o
 .debug_loc     0x00002cca       0xfa HAL/ServoMotor/src/ServoMotor.o
 .debug_loc     0x00002dc4       0x8f main.o
 .debug_loc     0x00002e53      0x776 MCAL/DIO/src/DIO.o
 .debug_loc     0x000035c9      0x134 MCAL/DIO/src/DIO_CFG.o
 .debug_loc     0x000036fd      0x3b8 MCAL/Ext_Int/src/Ext_Int.o
 .debug_loc     0x00003ab5      0x120 MCAL/SPI/src/SPI.o
 .debug_loc     0x00003bd5      0x289 MCAL/TIMER1/src/TIMER1.o
 .debug_loc     0x00003e5e       0xaa MCAL/TWI/src/TWI.o
 .debug_loc     0x00003f08      0x146 MCAL/UART/src/UART.o

.debug_macinfo
 *(.debug_macinfo)

.debug_weaknames
 *(.debug_weaknames)

.debug_funcnames
 *(.debug_funcnames)

.debug_typenames
 *(.debug_typenames)

.debug_varnames
 *(.debug_varnames)

.debug_pubtypes
 *(.debug_pubtypes)

.debug_ranges   0x00000000      0x2d8
 *(.debug_ranges)
 .debug_ranges  0x00000000       0xa8 APP/Src/APP.o
 .debug_ranges  0x000000a8       0x28 HAL/Bluetooth/src/Bluetooth.o
 .debug_ranges  0x000000d0       0x18 HAL/EEPROM/src/EEPROM.o
 .debug_ranges  0x000000e8       0x18 HAL/Keypad/src/Keypad.o
 .debug_ranges  0x00000100       0x40 HAL/LCD/src/LCD.o
 .debug_ranges  0x00000140       0x10 HAL/ServoMotor/src/ServoMotor.o
 .debug_ranges  0x00000150       0x10 main.o
 .debug_ranges  0x00000160       0x40 MCAL/DIO/src/DIO.o
 .debug_ranges  0x000001a0       0x10 MCAL/DIO/src/DIO_CFG.o
 .debug_ranges  0x000001b0       0x40 MCAL/Ext_Int/src/Ext_Int.o
 .debug_ranges  0x000001f0       0x28 MCAL/SPI/src/SPI.o
 .debug_ranges  0x00000218       0x58 MCAL/TIMER1/src/TIMER1.o
 .debug_ranges  0x00000270       0x40 MCAL/TWI/src/TWI.o
 .debug_ranges  0x000002b0       0x28 MCAL/UART/src/UART.o

.debug_macro
 *(.debug_macro)
OUTPUT(OCT23.elf elf32-avr)
LOAD linker stubs
